
[wf_01_20240522] train=2024-05-22 00:00:00 -> 2024-05-30 00:00:00 (start_step=2186597, steps=11520) | valid=2024-05-30 00:00:00 -> 2024-06-01 00:00:00 (start_step=2198117, steps=2880) | oos=2024-06-01 00:00:00 -> 2024-06-08 00:00:00 (start_step=2200997, steps=10080)
  run 1/2: evolving candidate -> wf_01_20240522_run01.npy
    train pnl=+284.32 oos pnl=-530.39 oos trades=24 flags={'train_positive': True, 'train_beats_flat': True, 'train_beats_best_baseline': False, 'train_full_window': True, 'oos_positive': False, 'oos_beats_flat': False, 'oos_beats_best_baseline': False, 'oos_full_window': True, 'oos_has_trades': True, 'oos_profitable_and_active': False}
  run 2/2: evolving candidate -> wf_01_20240522_run02.npy
    train pnl=+223.78 oos pnl=-410.34 oos trades=17 flags={'train_positive': True, 'train_beats_flat': True, 'train_beats_best_baseline': False, 'train_full_window': True, 'oos_positive': False, 'oos_beats_flat': False, 'oos_beats_best_baseline': False, 'oos_full_window': True, 'oos_has_trades': True, 'oos_profitable_and_active': False}

[wf_02_20240529] train=2024-05-29 00:00:00 -> 2024-06-06 00:00:00 (start_step=2196677, steps=11520) | valid=2024-06-06 00:00:00 -> 2024-06-08 00:00:00 (start_step=2208197, steps=2880) | oos=2024-06-08 00:00:00 -> 2024-06-15 00:00:00 (start_step=2211077, steps=10080)
  run 1/2: evolving candidate -> wf_02_20240529_run01.npy
    train pnl=+331.48 oos pnl=-2064.73 oos trades=210 flags={'train_positive': True, 'train_beats_flat': True, 'train_beats_best_baseline': False, 'train_full_window': True, 'oos_positive': False, 'oos_beats_flat': False, 'oos_beats_best_baseline': False, 'oos_full_window': True, 'oos_has_trades': True, 'oos_profitable_and_active': False}
  run 2/2: evolving candidate -> wf_02_20240529_run02.npy
    train pnl=+179.73 oos pnl=-498.78 oos trades=19 flags={'train_positive': True, 'train_beats_flat': True, 'train_beats_best_baseline': False, 'train_full_window': True, 'oos_positive': False, 'oos_beats_flat': False, 'oos_beats_best_baseline': False, 'oos_full_window': True, 'oos_has_trades': True, 'oos_profitable_and_active': False}

Saved walk-forward summary to /home/user/mcs/checkpoints/continuous_cycles/family_sweep_20260319_tuned_6h__umc62_active_jun2024__rolling_cycle_02/summary.json
{
  "runs": 4,
  "train_positive_runs": 4,
  "train_beats_best_baseline_runs": 0,
  "oos_positive_runs": 0,
  "oos_beats_flat_runs": 0,
  "oos_beats_best_baseline_runs": 0,
  "oos_profitable_and_active_runs": 0,
  "median_train_pnl": 254.04988340444652,
  "median_oos_pnl": -514.5853001113837,
  "median_oos_trades": 21.5,
  "best_oos_run": "/home/user/mcs/checkpoints/continuous_cycles/family_sweep_20260319_tuned_6h__umc62_active_jun2024__rolling_cycle_02/wf_01_20240522_run02.npy",
  "worst_oos_run": "/home/user/mcs/checkpoints/continuous_cycles/family_sweep_20260319_tuned_6h__umc62_active_jun2024__rolling_cycle_02/wf_02_20240529_run01.npy"
}
