
[wf_01_20231222] train=2023-12-22 00:00:00 -> 2024-01-01 00:00:00 (start_step=1967717, steps=14400) | oos=2024-01-01 00:00:00 -> 2024-01-08 00:00:00 (start_step=1982117, steps=10080)
  run 1/2: evolving candidate -> wf_01_20231222_run01.npy
    train pnl=+302.43 oos pnl=-154.93 oos trades=50 flags={'train_positive': True, 'train_beats_flat': True, 'train_beats_best_baseline': False, 'train_full_window': True, 'oos_positive': False, 'oos_beats_flat': False, 'oos_beats_best_baseline': False, 'oos_full_window': True, 'oos_has_trades': True, 'oos_profitable_and_active': False}
  run 2/2: evolving candidate -> wf_01_20231222_run02.npy
    train pnl=+335.27 oos pnl=-785.04 oos trades=101 flags={'train_positive': True, 'train_beats_flat': True, 'train_beats_best_baseline': False, 'train_full_window': True, 'oos_positive': False, 'oos_beats_flat': False, 'oos_beats_best_baseline': False, 'oos_full_window': True, 'oos_has_trades': True, 'oos_profitable_and_active': False}

[wf_02_20231229] train=2023-12-29 00:00:00 -> 2024-01-08 00:00:00 (start_step=1977797, steps=14400) | oos=2024-01-08 00:00:00 -> 2024-01-15 00:00:00 (start_step=1992197, steps=10080)
  run 1/2: evolving candidate -> wf_02_20231229_run01.npy
    train pnl=+69.43 oos pnl=-201.74 oos trades=74 flags={'train_positive': True, 'train_beats_flat': True, 'train_beats_best_baseline': False, 'train_full_window': True, 'oos_positive': False, 'oos_beats_flat': False, 'oos_beats_best_baseline': False, 'oos_full_window': True, 'oos_has_trades': True, 'oos_profitable_and_active': False}
  run 2/2: evolving candidate -> wf_02_20231229_run02.npy
    train pnl=+166.49 oos pnl=-544.39 oos trades=10 flags={'train_positive': True, 'train_beats_flat': True, 'train_beats_best_baseline': False, 'train_full_window': True, 'oos_positive': False, 'oos_beats_flat': False, 'oos_beats_best_baseline': False, 'oos_full_window': True, 'oos_has_trades': True, 'oos_profitable_and_active': False}

Saved walk-forward summary to /home/user/mcs/checkpoints/continuous_cycles/generate_farm_long_20260311_r2__gen_jan2024_td10_g8__rolling_cycle_02/summary.json
{
  "runs": 4,
  "train_positive_runs": 4,
  "train_beats_best_baseline_runs": 0,
  "oos_positive_runs": 0,
  "oos_beats_flat_runs": 0,
  "oos_beats_best_baseline_runs": 0,
  "oos_profitable_and_active_runs": 0,
  "median_train_pnl": 234.4596821456953,
  "median_oos_pnl": -373.06351573275606,
  "median_oos_trades": 62.0,
  "best_oos_run": "/home/user/mcs/checkpoints/continuous_cycles/generate_farm_long_20260311_r2__gen_jan2024_td10_g8__rolling_cycle_02/wf_01_20231222_run01.npy",
  "worst_oos_run": "/home/user/mcs/checkpoints/continuous_cycles/generate_farm_long_20260311_r2__gen_jan2024_td10_g8__rolling_cycle_02/wf_01_20231222_run02.npy"
}
