Importing PyTorch...
Imported torch successfully.
Importing Rust Module...
Imported rust module successfully.
Script started.
Initializing SemanticHypercube with neuro_grammar.cfg...
Loading SemanticHypercube...
SemanticHypercube loaded.

================================================
      THE MONOLITHIC RUN INITIATED              
================================================
Device:          cuda
Architecture:    UMC_Cell (Spectral Normalization: NC4)
Input Mode:      Neurobars (Feature Dim 32)
Data File:       /home/user/mcs/data/BTCUSDT_parquet_neurobars_coinglass_slow_v1.npz
Dimensions:      6467 (Weights & Biases)
Generations:     8
Population Size: 8
Evaluation:      10080-step deterministic loop from start_step=2200997
Econ Model:      10000 USD | binance | taker | fraction_of_equity
Positioning:     notional_fraction=1.00 | leverage=1.00 | fixed_qty=1.0000
Slippage:        0.00000
Selection:       Only initially active agents (trades >= 5)
================================================

Filtering Generation 0 for minimum viability...
Starting hypercube.evolve_with_fitness...
Evolution loop finished.

--- Evolution Complete ---
Final Fitness (Balance): -1000.0000
Saved optimized genome to /home/user/mcs/checkpoints/monolith_walkforward_probe/coinglass_slow_v1/wf_02_20240601_run01.npy
