
[wf_01_20250414] train=2025-04-14 00:00:00 -> 2025-04-24 00:00:00 (start_step=2657477, steps=14400) | oos=2025-04-24 00:00:00 -> 2025-05-01 00:00:00 (start_step=2671877, steps=10080)
  run 1/2: evolving candidate -> wf_01_20250414_run01.npy
    train pnl=+956.83 oos pnl=+29.24 oos trades=1 flags={'train_positive': True, 'train_beats_flat': True, 'train_beats_best_baseline': False, 'train_full_window': True, 'oos_positive': True, 'oos_beats_flat': True, 'oos_beats_best_baseline': False, 'oos_full_window': True, 'oos_has_trades': True, 'oos_profitable_and_active': True}
  run 2/2: evolving candidate -> wf_01_20250414_run02.npy
    train pnl=+436.00 oos pnl=-1789.31 oos trades=129 flags={'train_positive': True, 'train_beats_flat': True, 'train_beats_best_baseline': False, 'train_full_window': True, 'oos_positive': False, 'oos_beats_flat': False, 'oos_beats_best_baseline': False, 'oos_full_window': True, 'oos_has_trades': True, 'oos_profitable_and_active': False}

[wf_02_20250421] train=2025-04-21 00:00:00 -> 2025-05-01 00:00:00 (start_step=2667557, steps=14400) | oos=2025-05-01 00:00:00 -> 2025-05-08 00:00:00 (start_step=2681957, steps=10080)
  run 1/2: evolving candidate -> wf_02_20250421_run01.npy
    train pnl=+277.29 oos pnl=-1342.58 oos trades=123 flags={'train_positive': True, 'train_beats_flat': True, 'train_beats_best_baseline': False, 'train_full_window': True, 'oos_positive': False, 'oos_beats_flat': False, 'oos_beats_best_baseline': False, 'oos_full_window': True, 'oos_has_trades': True, 'oos_profitable_and_active': False}
  run 2/2: evolving candidate -> wf_02_20250421_run02.npy
    train pnl=+70.75 oos pnl=+43.44 oos trades=26 flags={'train_positive': True, 'train_beats_flat': True, 'train_beats_best_baseline': False, 'train_full_window': True, 'oos_positive': True, 'oos_beats_flat': True, 'oos_beats_best_baseline': False, 'oos_full_window': True, 'oos_has_trades': True, 'oos_profitable_and_active': True}

Saved walk-forward summary to /home/user/mcs/checkpoints/continuous_cycles/generate_farm_long_20260311_r2__gen_may2025_td10_g8__rolling_cycle_01/summary.json
{
  "runs": 4,
  "train_positive_runs": 4,
  "train_beats_best_baseline_runs": 0,
  "oos_positive_runs": 2,
  "oos_beats_flat_runs": 2,
  "oos_beats_best_baseline_runs": 0,
  "oos_profitable_and_active_runs": 2,
  "median_train_pnl": 356.64655208926706,
  "median_oos_pnl": -656.6700651794345,
  "median_oos_trades": 74.5,
  "best_oos_run": "/home/user/mcs/checkpoints/continuous_cycles/generate_farm_long_20260311_r2__gen_may2025_td10_g8__rolling_cycle_01/wf_02_20250421_run02.npy",
  "worst_oos_run": "/home/user/mcs/checkpoints/continuous_cycles/generate_farm_long_20260311_r2__gen_may2025_td10_g8__rolling_cycle_01/wf_01_20250414_run02.npy"
}
