Importing PyTorch...
Imported torch successfully.
Importing Rust Module...
Imported rust module successfully.
Script started.
Initializing SemanticHypercube with neuro_grammar.cfg...
Loading SemanticHypercube...
SemanticHypercube loaded.

================================================
      THE MONOLITHIC RUN INITIATED              
================================================
Device:          cuda
Architecture:    UMC_Cell (Spectral Normalization: NC4)
Input Mode:      Neurobars (Feature Dim 32)
Data File:       /home/user/mcs/data/BTCUSDT_parquet_neurobars_autoresearch.npz
Dimensions:      6467 (Weights & Biases)
Generations:     2
Population Size: 4
Evaluation:      2880-step deterministic loop from start_step=1982117
Econ Model:      10000 USD | binance | taker | fraction_of_equity
Positioning:     notional_fraction=1.00 | leverage=1.00 | fixed_qty=1.0000
Slippage:        0.00000
Selection:       Only initially active agents (trades >= 5)
================================================

Filtering Generation 0 for minimum viability...
Starting hypercube.evolve_with_fitness...

  [Filtering Phase] SURVIVOR FOUND (1/4) after 2 deaths: trades=   6, PnL=-680.0, win= 16.7%, Fit=-679.9746

  [Filtering Phase] SURVIVOR FOUND (2/4) after 1 deaths: trades=  24, PnL=-129.1, win= 45.8%, Fit=-129.1448

  [Filtering Phase] SURVIVOR FOUND (3/4) after 0 deaths: trades=  23, PnL=-583.6, win= 26.1%, Fit=-583.6378

  [Filtering Phase] SURVIVOR FOUND (4/4) after 0 deaths: trades=  49, PnL=-698.4, win= 20.4%, Fit=-698.4334

=== FILTERING PHASE COMPLETE. INITIAL POPULATION READY. ===

  Eval 1/4                      Eval 2/4                      Eval 3/4                    Evolution loop finished.

--- Evolution Complete ---
Final Fitness (Balance): -129.1448
Saved optimized genome to /home/user/mcs/checkpoints/monolith_walkforward_smoke/wf_01_20240101_run01.npy
