
[wf_01_20240515] train=2024-05-15 00:00:00 -> 2024-05-23 00:00:00 (start_step=2176517, steps=11520) | valid=2024-05-23 00:00:00 -> 2024-05-25 00:00:00 (start_step=2188037, steps=2880) | oos=2024-05-25 00:00:00 -> 2024-06-01 00:00:00 (start_step=2190917, steps=10080)
  run 1/2: evolving candidate -> wf_01_20240515_run01.npy
    train pnl=+1221.87 oos pnl=-424.59 oos trades=29 flags={'train_positive': True, 'train_beats_flat': True, 'train_beats_best_baseline': False, 'train_full_window': True, 'oos_positive': False, 'oos_beats_flat': False, 'oos_beats_best_baseline': False, 'oos_full_window': True, 'oos_has_trades': True, 'oos_profitable_and_active': False}
  run 2/2: evolving candidate -> wf_01_20240515_run02.npy
    train pnl=+1071.74 oos pnl=-1088.24 oos trades=100 flags={'train_positive': True, 'train_beats_flat': True, 'train_beats_best_baseline': False, 'train_full_window': True, 'oos_positive': False, 'oos_beats_flat': False, 'oos_beats_best_baseline': False, 'oos_full_window': True, 'oos_has_trades': True, 'oos_profitable_and_active': False}

[wf_02_20240522] train=2024-05-22 00:00:00 -> 2024-05-30 00:00:00 (start_step=2186597, steps=11520) | valid=2024-05-30 00:00:00 -> 2024-06-01 00:00:00 (start_step=2198117, steps=2880) | oos=2024-06-01 00:00:00 -> 2024-06-08 00:00:00 (start_step=2200997, steps=10080)
  run 1/2: evolving candidate -> wf_02_20240522_run01.npy
    train pnl=+223.91 oos pnl=-383.74 oos trades=10 flags={'train_positive': True, 'train_beats_flat': True, 'train_beats_best_baseline': False, 'train_full_window': True, 'oos_positive': False, 'oos_beats_flat': False, 'oos_beats_best_baseline': False, 'oos_full_window': True, 'oos_has_trades': True, 'oos_profitable_and_active': False}
  run 2/2: evolving candidate -> wf_02_20240522_run02.npy
    train pnl=+312.44 oos pnl=-1063.09 oos trades=86 flags={'train_positive': True, 'train_beats_flat': True, 'train_beats_best_baseline': False, 'train_full_window': True, 'oos_positive': False, 'oos_beats_flat': False, 'oos_beats_best_baseline': False, 'oos_full_window': True, 'oos_has_trades': True, 'oos_profitable_and_active': False}

Saved walk-forward summary to /home/user/mcs/checkpoints/continuous_cycles/family_sweep_20260319_tuned_6h__umc62_active_jun2024__rolling_cycle_01/summary.json
{
  "runs": 4,
  "train_positive_runs": 4,
  "train_beats_best_baseline_runs": 0,
  "oos_positive_runs": 0,
  "oos_beats_flat_runs": 0,
  "oos_beats_best_baseline_runs": 0,
  "oos_profitable_and_active_runs": 0,
  "median_train_pnl": 692.0915161780249,
  "median_oos_pnl": -743.835722787855,
  "median_oos_trades": 57.5,
  "best_oos_run": "/home/user/mcs/checkpoints/continuous_cycles/family_sweep_20260319_tuned_6h__umc62_active_jun2024__rolling_cycle_01/wf_02_20240522_run01.npy",
  "worst_oos_run": "/home/user/mcs/checkpoints/continuous_cycles/family_sweep_20260319_tuned_6h__umc62_active_jun2024__rolling_cycle_01/wf_01_20240515_run02.npy"
}
