Importing PyTorch...
Imported torch successfully.
Importing Rust Module...
Imported rust module successfully.
Script started.
Initializing SemanticHypercube with neuro_grammar.cfg...
Loading SemanticHypercube...
SemanticHypercube loaded.

================================================
      THE MONOLITHIC RUN INITIATED              
================================================
Device:          cuda
Architecture:    umc
Input Mode:      Neurobars (Feature Dim 32)
Data File:       /home/user/mcs/data/BTCUSDT_parquet_neurobars_autoresearch.npz
Dimensions:      2211 (Weights & Biases)
Engine Config:   {'family': 'umc', 'hidden_dim': 32, 'alpha': 0.5, 'action_head_mode': 'argmax', 'action_threshold': 0.55}
Generations:     3
Population Size: 5
Evaluation:      11520-step deterministic loop from start_step=1982117
Econ Model:      10000 USD | binance | taker | fraction_of_equity
Positioning:     notional_fraction=1.00 | leverage=1.00 | fixed_qty=1.0000
Slippage:        0.00000
Fitness:         hunter
Trade Floor:     min_trades=6 | activity_target=16
Trade Band:      low=8 | high=64 | floor=0.25
Selection:       min_trades enforced across all generations
================================================

Filtering Generation 0 for minimum viability...
Starting hypercube.evolve_with_fitness...
  Eval 1/5                      Eval 2/5                      Eval 3/5                      Eval 4/5                      Eval 5/5                    Gen 000 | Fit: -3227.15 (Best: -591.16) | PnL: -1217.3 | DD: 14.0% | Trades:  146 | Win: 35.9% | Time: 32.3s
  Eval 6/5                      Eval 7/5                      Eval 8/5                      Eval 9/5                      Eval 10/5                    Gen 001 | Fit: -3633.44 (Best: -77.63) | PnL: -1376.4 | DD: 17.3% | Trades:  153 | Win: 40.2% | Time: 31.2s
  Eval 11/5                      Eval 12/5                      Eval 13/5                      Eval 14/5                      Eval 15/5                    Gen 002 | Fit: -2688.79 (Best:  61.82) | PnL: -908.6 | DD: 16.5% | Trades:  161 | Win: 41.3% | Time: 24.5s
  Eval 16/5                    Evolution loop finished.

--- Evolution Complete ---
Final Fitness (Balance): 57.4076
Saved optimized genome to /home/user/mcs/checkpoints/probe_tuned_umc32_fast/wf_01_20240101_run01.npy
