
[wf_01_20250414] train=2025-04-14 00:00:00 -> 2025-04-24 00:00:00 (start_step=2657477, steps=14400) | oos=2025-04-24 00:00:00 -> 2025-05-01 00:00:00 (start_step=2671877, steps=10080)
  run 1/2: evolving candidate -> wf_01_20250414_run01.npy
    train pnl=+456.32 oos pnl=-1792.07 oos trades=158 flags={'train_positive': True, 'train_beats_flat': True, 'train_beats_best_baseline': False, 'train_full_window': True, 'oos_positive': False, 'oos_beats_flat': False, 'oos_beats_best_baseline': False, 'oos_full_window': True, 'oos_has_trades': True, 'oos_profitable_and_active': False}
  run 2/2: evolving candidate -> wf_01_20250414_run02.npy
    train pnl=+944.02 oos pnl=-1318.14 oos trades=112 flags={'train_positive': True, 'train_beats_flat': True, 'train_beats_best_baseline': False, 'train_full_window': True, 'oos_positive': False, 'oos_beats_flat': False, 'oos_beats_best_baseline': False, 'oos_full_window': True, 'oos_has_trades': True, 'oos_profitable_and_active': False}

[wf_02_20250421] train=2025-04-21 00:00:00 -> 2025-05-01 00:00:00 (start_step=2667557, steps=14400) | oos=2025-05-01 00:00:00 -> 2025-05-08 00:00:00 (start_step=2681957, steps=10080)
  run 1/2: evolving candidate -> wf_02_20250421_run01.npy
    train pnl=+1043.38 oos pnl=-717.12 oos trades=88 flags={'train_positive': True, 'train_beats_flat': True, 'train_beats_best_baseline': False, 'train_full_window': True, 'oos_positive': False, 'oos_beats_flat': False, 'oos_beats_best_baseline': False, 'oos_full_window': True, 'oos_has_trades': True, 'oos_profitable_and_active': False}
  run 2/2: evolving candidate -> wf_02_20250421_run02.npy
    train pnl=+933.71 oos pnl=-65.65 oos trades=47 flags={'train_positive': True, 'train_beats_flat': True, 'train_beats_best_baseline': False, 'train_full_window': True, 'oos_positive': False, 'oos_beats_flat': False, 'oos_beats_best_baseline': False, 'oos_full_window': True, 'oos_has_trades': True, 'oos_profitable_and_active': False}

Saved walk-forward summary to /home/user/mcs/checkpoints/continuous_cycles/generate_farm_long_20260311_r2__gen_may2025_td10_g12__rolling_cycle_01/summary.json
{
  "runs": 4,
  "train_positive_runs": 4,
  "train_beats_best_baseline_runs": 0,
  "oos_positive_runs": 0,
  "oos_beats_flat_runs": 0,
  "oos_beats_best_baseline_runs": 0,
  "oos_profitable_and_active_runs": 0,
  "median_train_pnl": 938.8675590153052,
  "median_oos_pnl": -1017.632612765904,
  "median_oos_trades": 100.0,
  "best_oos_run": "/home/user/mcs/checkpoints/continuous_cycles/generate_farm_long_20260311_r2__gen_may2025_td10_g12__rolling_cycle_01/wf_02_20250421_run02.npy",
  "worst_oos_run": "/home/user/mcs/checkpoints/continuous_cycles/generate_farm_long_20260311_r2__gen_may2025_td10_g12__rolling_cycle_01/wf_01_20250414_run01.npy"
}
